Archive member included because of file (symbol)

/usr/local/Cellar/gcc-arm-none-eabi/20140408/bin/../lib/gcc/arm-none-eabi/4.7.4/../../../../arm-none-eabi/lib/armv7e-m/softfp/libg.a(lib_a-__atexit.o)
                              /usr/local/Cellar/gcc-arm-none-eabi/20140408/bin/../lib/gcc/arm-none-eabi/4.7.4/../../../../arm-none-eabi/lib/armv7e-m/softfp/crt0.o (__register_exitproc)
/usr/local/Cellar/gcc-arm-none-eabi/20140408/bin/../lib/gcc/arm-none-eabi/4.7.4/../../../../arm-none-eabi/lib/armv7e-m/softfp/libg.a(lib_a-exit.o)
                              /usr/local/Cellar/gcc-arm-none-eabi/20140408/bin/../lib/gcc/arm-none-eabi/4.7.4/../../../../arm-none-eabi/lib/armv7e-m/softfp/crt0.o (exit)
/usr/local/Cellar/gcc-arm-none-eabi/20140408/bin/../lib/gcc/arm-none-eabi/4.7.4/../../../../arm-none-eabi/lib/armv7e-m/softfp/libg.a(lib_a-fini.o)
                              /usr/local/Cellar/gcc-arm-none-eabi/20140408/bin/../lib/gcc/arm-none-eabi/4.7.4/../../../../arm-none-eabi/lib/armv7e-m/softfp/crt0.o (__libc_fini_array)
/usr/local/Cellar/gcc-arm-none-eabi/20140408/bin/../lib/gcc/arm-none-eabi/4.7.4/../../../../arm-none-eabi/lib/armv7e-m/softfp/libg.a(lib_a-impure.o)
                              /usr/local/Cellar/gcc-arm-none-eabi/20140408/bin/../lib/gcc/arm-none-eabi/4.7.4/../../../../arm-none-eabi/lib/armv7e-m/softfp/libg.a(lib_a-__atexit.o) (_global_impure_ptr)
/usr/local/Cellar/gcc-arm-none-eabi/20140408/bin/../lib/gcc/arm-none-eabi/4.7.4/../../../../arm-none-eabi/lib/armv7e-m/softfp/libg.a(lib_a-init.o)
                              /usr/local/Cellar/gcc-arm-none-eabi/20140408/bin/../lib/gcc/arm-none-eabi/4.7.4/../../../../arm-none-eabi/lib/armv7e-m/softfp/crt0.o (__libc_init_array)
/usr/local/Cellar/gcc-arm-none-eabi/20140408/bin/../lib/gcc/arm-none-eabi/4.7.4/../../../../arm-none-eabi/lib/armv7e-m/softfp/libg.a(lib_a-memcpy.o)
                              build/src/shell.o (memcpy)
/usr/local/Cellar/gcc-arm-none-eabi/20140408/bin/../lib/gcc/arm-none-eabi/4.7.4/../../../../arm-none-eabi/lib/armv7e-m/softfp/libg.a(lib_a-memset.o)
                              /usr/local/Cellar/gcc-arm-none-eabi/20140408/bin/../lib/gcc/arm-none-eabi/4.7.4/../../../../arm-none-eabi/lib/armv7e-m/softfp/crt0.o (memset)
/usr/local/Cellar/gcc-arm-none-eabi/20140408/bin/../lib/gcc/arm-none-eabi/4.7.4/../../../../arm-none-eabi/lib/armv7e-m/softfp/libg.a(lib_a-strchr.o)
                              build/src/filesystem.o (strchr)
/usr/local/Cellar/gcc-arm-none-eabi/20140408/bin/../lib/gcc/arm-none-eabi/4.7.4/../../../../arm-none-eabi/lib/armv7e-m/softfp/libg.a(lib_a-strcmp.o)
                              build/src/shell.o (strcmp)
/usr/local/Cellar/gcc-arm-none-eabi/20140408/bin/../lib/gcc/arm-none-eabi/4.7.4/../../../../arm-none-eabi/lib/armv7e-m/softfp/libg.a(lib_a-__call_atexit.o)
                              /usr/local/Cellar/gcc-arm-none-eabi/20140408/bin/../lib/gcc/arm-none-eabi/4.7.4/../../../../arm-none-eabi/lib/armv7e-m/softfp/libg.a(lib_a-exit.o) (__call_exitprocs)
/usr/local/Cellar/gcc-arm-none-eabi/20140408/bin/../lib/gcc/arm-none-eabi/4.7.4/../../../../arm-none-eabi/lib/armv7e-m/softfp/libg.a(lib_a-atexit.o)
                              /usr/local/Cellar/gcc-arm-none-eabi/20140408/bin/../lib/gcc/arm-none-eabi/4.7.4/../../../../arm-none-eabi/lib/armv7e-m/softfp/libg.a(lib_a-__call_atexit.o) (atexit)

Discarded input sections

 .text          0x0000000000000000        0x0 /usr/local/Cellar/gcc-arm-none-eabi/20140408/bin/../lib/gcc/arm-none-eabi/4.7.4/armv7e-m/softfp/crti.o
 .data          0x0000000000000000        0x0 /usr/local/Cellar/gcc-arm-none-eabi/20140408/bin/../lib/gcc/arm-none-eabi/4.7.4/armv7e-m/softfp/crti.o
 .bss           0x0000000000000000        0x0 /usr/local/Cellar/gcc-arm-none-eabi/20140408/bin/../lib/gcc/arm-none-eabi/4.7.4/armv7e-m/softfp/crti.o
 .data          0x0000000000000000        0x4 /usr/local/Cellar/gcc-arm-none-eabi/20140408/bin/../lib/gcc/arm-none-eabi/4.7.4/armv7e-m/softfp/crtbegin.o
 .text          0x0000000000000000       0x70 /usr/local/Cellar/gcc-arm-none-eabi/20140408/bin/../lib/gcc/arm-none-eabi/4.7.4/../../../../arm-none-eabi/lib/armv7e-m/softfp/crt0.o
 .data          0x0000000000000000        0x0 /usr/local/Cellar/gcc-arm-none-eabi/20140408/bin/../lib/gcc/arm-none-eabi/4.7.4/../../../../arm-none-eabi/lib/armv7e-m/softfp/crt0.o
 .bss           0x0000000000000000        0x0 /usr/local/Cellar/gcc-arm-none-eabi/20140408/bin/../lib/gcc/arm-none-eabi/4.7.4/../../../../arm-none-eabi/lib/armv7e-m/softfp/crt0.o
 .ARM.extab     0x0000000000000000        0x0 /usr/local/Cellar/gcc-arm-none-eabi/20140408/bin/../lib/gcc/arm-none-eabi/4.7.4/../../../../arm-none-eabi/lib/armv7e-m/softfp/crt0.o
 .ARM.exidx     0x0000000000000000        0x8 /usr/local/Cellar/gcc-arm-none-eabi/20140408/bin/../lib/gcc/arm-none-eabi/4.7.4/../../../../arm-none-eabi/lib/armv7e-m/softfp/crt0.o
 .ARM.attributes
[...]
Memory Configuration

Name             Origin             Length             Attributes
FLASH            0x0000000008000000 0x0000000000200000 xr
RAM              0x0000000020000000 0x0000000000030000 xrw
CCMRAM           0x0000000010000000 0x0000000000010000 rw
*default*        0x0000000000000000 0xffffffffffffffff

Linker script and memory map

LOAD /usr/local/Cellar/gcc-arm-none-eabi/20140408/bin/../lib/gcc/arm-none-eabi/4.7.4/armv7e-m/softfp/crti.o
LOAD /usr/local/Cellar/gcc-arm-none-eabi/20140408/bin/../lib/gcc/arm-none-eabi/4.7.4/armv7e-m/softfp/crtbegin.o
LOAD /usr/local/Cellar/gcc-arm-none-eabi/20140408/bin/../lib/gcc/arm-none-eabi/4.7.4/../../../../arm-none-eabi/lib/armv7e-m/softfp/crt0.o
LOAD build/src/clib.o
LOAD build/src/filesystem.o
LOAD build/src/fio.o
LOAD build/src/hash-djb2.o
LOAD build/src/host.o
LOAD build/src/main.o
LOAD build/src/mmtest.o
LOAD build/src/osdebug.o
LOAD build/src/shell.o
LOAD build/src/stm32f4xx_it.o
LOAD build/src/system_stm32f4xx.o
LOAD build/src/uart.o
LOAD build/Drivers/STM32F4xx_HAL_Driver/Src/stm32f4xx_hal.o
LOAD build/Drivers/STM32F4xx_HAL_Driver/Src/stm32f4xx_hal_adc.o
LOAD build/Drivers/STM32F4xx_HAL_Driver/Src/stm32f4xx_hal_adc_ex.o
LOAD build/Drivers/STM32F4xx_HAL_Driver/Src/stm32f4xx_hal_can.o
LOAD build/Drivers/STM32F4xx_HAL_Driver/Src/stm32f4xx_hal_cortex.o
LOAD build/Drivers/STM32F4xx_HAL_Driver/Src/stm32f4xx_hal_crc.o
LOAD build/Drivers/STM32F4xx_HAL_Driver/Src/stm32f4xx_hal_cryp.o
LOAD build/Drivers/STM32F4xx_HAL_Driver/Src/stm32f4xx_hal_cryp_ex.o
LOAD build/Drivers/STM32F4xx_HAL_Driver/Src/stm32f4xx_hal_dac.o
LOAD build/Drivers/STM32F4xx_HAL_Driver/Src/stm32f4xx_hal_dac_ex.o
LOAD build/Drivers/STM32F4xx_HAL_Driver/Src/stm32f4xx_hal_dcmi.o
LOAD build/Drivers/STM32F4xx_HAL_Driver/Src/stm32f4xx_hal_dma.o
LOAD build/Drivers/STM32F4xx_HAL_Driver/Src/stm32f4xx_hal_dma2d.o
LOAD build/Drivers/STM32F4xx_HAL_Driver/Src/stm32f4xx_hal_dma_ex.o
LOAD build/Drivers/STM32F4xx_HAL_Driver/Src/stm32f4xx_hal_eth.o
LOAD build/Drivers/STM32F4xx_HAL_Driver/Src/stm32f4xx_hal_flash.o
LOAD build/Drivers/STM32F4xx_HAL_Driver/Src/stm32f4xx_hal_flash_ex.o
LOAD build/Drivers/STM32F4xx_HAL_Driver/Src/stm32f4xx_hal_flash_ramfunc.o
LOAD build/Drivers/STM32F4xx_HAL_Driver/Src/stm32f4xx_hal_gpio.o
LOAD build/Drivers/STM32F4xx_HAL_Driver/Src/stm32f4xx_hal_hash.o
LOAD build/Drivers/STM32F4xx_HAL_Driver/Src/stm32f4xx_hal_hash_ex.o
LOAD build/Drivers/STM32F4xx_HAL_Driver/Src/stm32f4xx_hal_hcd.o
LOAD build/Drivers/STM32F4xx_HAL_Driver/Src/stm32f4xx_hal_i2c.o
LOAD build/Drivers/STM32F4xx_HAL_Driver/Src/stm32f4xx_hal_i2c_ex.o
LOAD build/Drivers/STM32F4xx_HAL_Driver/Src/stm32f4xx_hal_i2s.o
LOAD build/Drivers/STM32F4xx_HAL_Driver/Src/stm32f4xx_hal_i2s_ex.o
LOAD build/Drivers/STM32F4xx_HAL_Driver/Src/stm32f4xx_hal_irda.o
LOAD build/Drivers/STM32F4xx_HAL_Driver/Src/stm32f4xx_hal_iwdg.o
LOAD build/Drivers/STM32F4xx_HAL_Driver/Src/stm32f4xx_hal_ltdc.o
LOAD build/Drivers/STM32F4xx_HAL_Driver/Src/stm32f4xx_hal_msp_template.o
LOAD build/Drivers/STM32F4xx_HAL_Driver/Src/stm32f4xx_hal_nand.o
LOAD build/Drivers/STM32F4xx_HAL_Driver/Src/stm32f4xx_hal_nor.o
LOAD build/Drivers/STM32F4xx_HAL_Driver/Src/stm32f4xx_hal_pccard.o
LOAD build/Drivers/STM32F4xx_HAL_Driver/Src/stm32f4xx_hal_pcd.o
LOAD build/Drivers/STM32F4xx_HAL_Driver/Src/stm32f4xx_hal_pcd_ex.o
LOAD build/Drivers/STM32F4xx_HAL_Driver/Src/stm32f4xx_hal_pwr.o
LOAD build/Drivers/STM32F4xx_HAL_Driver/Src/stm32f4xx_hal_pwr_ex.o
LOAD build/Drivers/STM32F4xx_HAL_Driver/Src/stm32f4xx_hal_rcc.o
LOAD build/Drivers/STM32F4xx_HAL_Driver/Src/stm32f4xx_hal_rcc_ex.o
LOAD build/Drivers/STM32F4xx_HAL_Driver/Src/stm32f4xx_hal_rng.o
LOAD build/Drivers/STM32F4xx_HAL_Driver/Src/stm32f4xx_hal_rtc.o
LOAD build/Drivers/STM32F4xx_HAL_Driver/Src/stm32f4xx_hal_rtc_ex.o
LOAD build/Drivers/STM32F4xx_HAL_Driver/Src/stm32f4xx_hal_sai.o
LOAD build/Drivers/STM32F4xx_HAL_Driver/Src/stm32f4xx_hal_sd.o
LOAD build/Drivers/STM32F4xx_HAL_Driver/Src/stm32f4xx_hal_sdram.o
LOAD build/Drivers/STM32F4xx_HAL_Driver/Src/stm32f4xx_hal_smartcard.o
LOAD build/Drivers/STM32F4xx_HAL_Driver/Src/stm32f4xx_hal_spi.o
LOAD build/Drivers/STM32F4xx_HAL_Driver/Src/stm32f4xx_hal_sram.o
LOAD build/Drivers/STM32F4xx_HAL_Driver/Src/stm32f4xx_hal_tim.o
LOAD build/Drivers/STM32F4xx_HAL_Driver/Src/stm32f4xx_hal_tim_ex.o
LOAD build/Drivers/STM32F4xx_HAL_Driver/Src/stm32f4xx_hal_uart.o
LOAD build/Drivers/STM32F4xx_HAL_Driver/Src/stm32f4xx_hal_usart.o
LOAD build/Drivers/STM32F4xx_HAL_Driver/Src/stm32f4xx_hal_wwdg.o
LOAD build/Drivers/STM32F4xx_HAL_Driver/Src/stm32f4xx_ll_fmc.o
LOAD build/Drivers/STM32F4xx_HAL_Driver/Src/stm32f4xx_ll_fsmc.o
LOAD build/Drivers/STM32F4xx_HAL_Driver/Src/stm32f4xx_ll_sdmmc.o
LOAD build/Drivers/STM32F4xx_HAL_Driver/Src/stm32f4xx_ll_usb.o
LOAD build/Middlewares/Third_Party/FreeRTOS/Source/croutine.o
LOAD build/Middlewares/Third_Party/FreeRTOS/Source/list.o
LOAD build/Middlewares/Third_Party/FreeRTOS/Source/queue.o
LOAD build/Middlewares/Third_Party/FreeRTOS/Source/tasks.o
LOAD build/Middlewares/Third_Party/FreeRTOS/Source/timers.o
LOAD build/Middlewares/Third_Party/FreeRTOS/Source/portable/GCC/ARM_CM4F/port.o
LOAD build/Middlewares/Third_Party/FreeRTOS/Source/CMSIS_RTOS/cmsis_os.o
LOAD build/src/startup_stm32f429xx.o
LOAD build/Drivers/BSP/STM32F429I-Discovery/stm32f429i_discovery.o
LOAD build/Middlewares/Third_Party/FreeRTOS/Source/portable/MemMang/heap_4.o
START GROUP
LOAD /usr/local/Cellar/gcc-arm-none-eabi/20140408/bin/../lib/gcc/arm-none-eabi/4.7.4/armv7e-m/softfp/libgcc.a
LOAD /usr/local/Cellar/gcc-arm-none-eabi/20140408/bin/../lib/gcc/arm-none-eabi/4.7.4/../../../../arm-none-eabi/lib/armv7e-m/softfp/libg.a
LOAD /usr/local/Cellar/gcc-arm-none-eabi/20140408/bin/../lib/gcc/arm-none-eabi/4.7.4/../../../../arm-none-eabi/lib/armv7e-m/softfp/libc.a
END GROUP
LOAD /usr/local/Cellar/gcc-arm-none-eabi/20140408/bin/../lib/gcc/arm-none-eabi/4.7.4/armv7e-m/softfp/crtend.o
LOAD /usr/local/Cellar/gcc-arm-none-eabi/20140408/bin/../lib/gcc/arm-none-eabi/4.7.4/armv7e-m/softfp/crtn.o
                0x000000002002ffff                _estack = 0x2002ffff
                0x0000000000000200                _Min_Heap_Size = 0x200
                0x0000000000000400                _Min_Stack_Size = 0x400

.isr_vector     0x0000000008000000      0x1ac
                0x0000000008000000                . = ALIGN (0x4)
 *(.isr_vector)
 .isr_vector    0x0000000008000000      0x1ac build/src/startup_stm32f429xx.o
                0x0000000008000000                g_pfnVectors
                0x00000000080001ac                . = ALIGN (0x4)

.text           0x00000000080001ac     0x3760
                0x00000000080001ac                . = ALIGN (0x4)
 *(.text)
 .text          0x00000000080001ac       0x54 /usr/local/Cellar/gcc-arm-none-eabi/20140408/bin/../lib/gcc/arm-none-eabi/4.7.4/armv7e-m/softfp/crtbegin.o
 *(.text*)
 .text.fs_init  0x0000000008000200       0x1c build/src/filesystem.o
                0x0000000008000200                fs_init
 .text.stdin_read
                0x000000000800021c      0x104 build/src/fio.o
 .text.stdout_write
                0x0000000008000320       0x44 build/src/fio.o
 .text.fio_init
                0x0000000008000364       0x64 build/src/fio.o
                0x0000000008000364                fio_init
 .text.send_byte
                0x00000000080003c8       0x20 build/src/main.o
                0x00000000080003c8                send_byte
 .text.recv_byte
                0x00000000080003e8       0x20 build/src/main.o
                0x00000000080003e8                recv_byte
 .text.main     0x0000000008000408       0x20 build/src/main.o
                0x0000000008000408                main
 .text.SystemClock_Config
                0x0000000008000428       0xa8 build/src/main.o
 .text.NMI_Handler
                0x00000000080004d0        0xc build/src/stm32f4xx_it.o
                0x00000000080004d0                NMI_Handler
 .text.HardFault_Handler
                0x00000000080004dc        0x8 build/src/stm32f4xx_it.o
                0x00000000080004dc                HardFault_Handler
 .text.MemManage_Handler
                0x00000000080004e4        0x8 build/src/stm32f4xx_it.o
                0x00000000080004e4                MemManage_Handler
 .text.BusFault_Handler
                0x00000000080004ec        0x8 build/src/stm32f4xx_it.o
                0x00000000080004ec                BusFault_Handler
 .text.UsageFault_Handler
                0x00000000080004f4        0x8 build/src/stm32f4xx_it.o
                0x00000000080004f4                UsageFault_Handler
 .text.DebugMon_Handler
                0x00000000080004fc        0xc build/src/stm32f4xx_it.o
                0x00000000080004fc                DebugMon_Handler
 .text.SysTick_Handler
                0x0000000008000508       0x14 build/src/stm32f4xx_it.o
                0x0000000008000508                SysTick_Handler
 .text.SystemInit
                0x000000000800051c       0xb0 build/src/system_stm32f4xx.o
                0x000000000800051c                SystemInit
 .text.UART_send
                0x00000000080005cc       0x5c build/src/uart.o
                0x00000000080005cc                UART_send
 .text.UART_recv
                0x0000000008000628       0x5c build/src/uart.o
                0x0000000008000628                UART_recv
 .text.HAL_UART_TxCpltCallback
                0x0000000008000684       0x20 build/src/uart.o
                0x0000000008000684                HAL_UART_TxCpltCallback
 .text.HAL_UART_RxCpltCallback
                0x00000000080006a4       0x20 build/src/uart.o
                0x00000000080006a4                HAL_UART_RxCpltCallback
 .text.USART1_IRQHandler
                0x00000000080006c4       0x14 build/src/uart.o
                0x00000000080006c4                USART1_IRQHandler
 .text.USART2_IRQHandler
                0x00000000080006d8       0x14 build/src/uart.o
                0x00000000080006d8                USART2_IRQHandler
 .text.USART3_IRQHandler
                0x00000000080006ec       0x14 build/src/uart.o
                0x00000000080006ec                USART3_IRQHandler
 .text.UART4_IRQHandler
                0x0000000008000700       0x14 build/src/uart.o
                0x0000000008000700                UART4_IRQHandler
 .text.UART5_IRQHandler
                0x0000000008000714       0x14 build/src/uart.o
                0x0000000008000714                UART5_IRQHandler
 .text.USART6_IRQHandler
                0x0000000008000728       0x14 build/src/uart.o
                0x0000000008000728                USART6_IRQHandler
 .text.UART7_IRQHandler
                0x000000000800073c       0x14 build/src/uart.o
                0x000000000800073c                UART7_IRQHandler
 .text.UART8_IRQHandler
                0x0000000008000750       0x14 build/src/uart.o
                0x0000000008000750                UART8_IRQHandler
 .text.HAL_Init
                0x0000000008000764       0x68 build/Drivers/STM32F4xx_HAL_Driver/Src/stm32f4xx_hal.o
                0x0000000008000764                HAL_Init
 .text.HAL_InitTick
                0x00000000080007cc       0x40 build/Drivers/STM32F4xx_HAL_Driver/Src/stm32f4xx_hal.o
                0x00000000080007cc                HAL_InitTick
 .text.HAL_GetTick
                0x000000000800080c       0x18 build/Drivers/STM32F4xx_HAL_Driver/Src/stm32f4xx_hal.o
                0x000000000800080c                HAL_GetTick
 .text.NVIC_SetPriorityGrouping
                0x0000000008000824       0x50 build/Drivers/STM32F4xx_HAL_Driver/Src/stm32f4xx_hal_cortex.o
 .text.NVIC_GetPriorityGrouping
                0x0000000008000874       0x20 build/Drivers/STM32F4xx_HAL_Driver/Src/stm32f4xx_hal_cortex.o
 .text.NVIC_SetPriority
                0x0000000008000894       0x5c build/Drivers/STM32F4xx_HAL_Driver/Src/stm32f4xx_hal_cortex.o
 .text.NVIC_EncodePriority
                0x00000000080008f0       0x78 build/Drivers/STM32F4xx_HAL_Driver/Src/stm32f4xx_hal_cortex.o
 .text.SysTick_Config
                0x0000000008000968       0x64 build/Drivers/STM32F4xx_HAL_Driver/Src/stm32f4xx_hal_cortex.o
 .text.HAL_NVIC_SetPriorityGrouping
                0x00000000080009cc       0x18 build/Drivers/STM32F4xx_HAL_Driver/Src/stm32f4xx_hal_cortex.o
                0x00000000080009cc                HAL_NVIC_SetPriorityGrouping
 .text.HAL_NVIC_SetPriority
                0x00000000080009e4       0x3c build/Drivers/STM32F4xx_HAL_Driver/Src/stm32f4xx_hal_cortex.o
                0x00000000080009e4                HAL_NVIC_SetPriority
 .text.HAL_SYSTICK_Config
                0x0000000008000a20       0x1c build/Drivers/STM32F4xx_HAL_Driver/Src/stm32f4xx_hal_cortex.o
                0x0000000008000a20                HAL_SYSTICK_Config
 .text.HAL_GPIO_Init
                0x0000000008000a3c      0x3fc build/Drivers/STM32F4xx_HAL_Driver/Src/stm32f4xx_hal_gpio.o
                0x0000000008000a3c                HAL_GPIO_Init
 .text.HAL_GPIO_WritePin
                0x0000000008000e38       0x30 build/Drivers/STM32F4xx_HAL_Driver/Src/stm32f4xx_hal_gpio.o
                0x0000000008000e38                HAL_GPIO_WritePin
 .text.HAL_MspInit
                0x0000000008000e68        0xc build/Drivers/STM32F4xx_HAL_Driver/Src/stm32f4xx_hal_msp_template.o
                0x0000000008000e68                HAL_MspInit
 .text.HAL_PWREx_ActivateOverDrive
                0x0000000008000e74       0xb0 build/Drivers/STM32F4xx_HAL_Driver/Src/stm32f4xx_hal_pwr_ex.o
                0x0000000008000e74                HAL_PWREx_ActivateOverDrive
 .text.HAL_RCC_OscConfig
                0x0000000008000f24      0x5e0 build/Drivers/STM32F4xx_HAL_Driver/Src/stm32f4xx_hal_rcc.o
                0x0000000008000f24                HAL_RCC_OscConfig
 .text.HAL_RCC_ClockConfig
                0x0000000008001504      0x380 build/Drivers/STM32F4xx_HAL_Driver/Src/stm32f4xx_hal_rcc.o
                0x0000000008001504                HAL_RCC_ClockConfig
 .text.HAL_RCC_GetSysClockFreq
                0x0000000008001884      0x184 build/Drivers/STM32F4xx_HAL_Driver/Src/stm32f4xx_hal_rcc.o
                0x0000000008001884                HAL_RCC_GetSysClockFreq
 .text.HAL_RCC_GetHCLKFreq
                0x0000000008001a08       0x68 build/Drivers/STM32F4xx_HAL_Driver/Src/stm32f4xx_hal_rcc.o
                0x0000000008001a08                HAL_RCC_GetHCLKFreq
 .text.HAL_UART_Transmit_IT
                0x0000000008001a70       0xe4 build/Drivers/STM32F4xx_HAL_Driver/Src/stm32f4xx_hal_uart.o
                0x0000000008001a70                HAL_UART_Transmit_IT
 .text.HAL_UART_Receive_IT
                0x0000000008001b54       0xe4 build/Drivers/STM32F4xx_HAL_Driver/Src/stm32f4xx_hal_uart.o
                0x0000000008001b54                HAL_UART_Receive_IT
 .text.HAL_UART_IRQHandler
                0x0000000008001c38      0x1d8 build/Drivers/STM32F4xx_HAL_Driver/Src/stm32f4xx_hal_uart.o
                0x0000000008001c38                HAL_UART_IRQHandler
 .text.HAL_UART_ErrorCallback
                0x0000000008001e10       0x14 build/Drivers/STM32F4xx_HAL_Driver/Src/stm32f4xx_hal_uart.o
                0x0000000008001e10                HAL_UART_ErrorCallback
 .text.UART_WaitOnFlagUntilTimeout
                0x0000000008001e24      0x148 build/Drivers/STM32F4xx_HAL_Driver/Src/stm32f4xx_hal_uart.o
 .text.UART_Transmit_IT
                0x0000000008001f6c      0x124 build/Drivers/STM32F4xx_HAL_Driver/Src/stm32f4xx_hal_uart.o
 .text.UART_Receive_IT
                0x0000000008002090      0x144 build/Drivers/STM32F4xx_HAL_Driver/Src/stm32f4xx_hal_uart.o
 .text.vListInitialise
                0x00000000080021d4       0x40 build/Middlewares/Third_Party/FreeRTOS/Source/list.o
                0x00000000080021d4                vListInitialise
 .text.vListInsertEnd
                0x0000000008002214       0x48 build/Middlewares/Third_Party/FreeRTOS/Source/list.o
                0x0000000008002214                vListInsertEnd
 .text.vListInsert
                0x000000000800225c       0x74 build/Middlewares/Third_Party/FreeRTOS/Source/list.o
                0x000000000800225c                vListInsert
 .text.uxListRemove
                0x00000000080022d0       0x58 build/Middlewares/Third_Party/FreeRTOS/Source/list.o
                0x00000000080022d0                uxListRemove
 .text.xQueueCreateMutex
                0x0000000008002328       0xac build/Middlewares/Third_Party/FreeRTOS/Source/queue.o
                0x0000000008002328                xQueueCreateMutex
 .text.xQueueGenericSend
                0x00000000080023d4      0x178 build/Middlewares/Third_Party/FreeRTOS/Source/queue.o
                0x00000000080023d4                xQueueGenericSend
 .text.prvCopyDataToQueue
                0x000000000800254c       0xdc build/Middlewares/Third_Party/FreeRTOS/Source/queue.o
 .text.prvUnlockQueue
                0x0000000008002628       0xa0 build/Middlewares/Third_Party/FreeRTOS/Source/queue.o
 .text.prvIsQueueFull
                0x00000000080026c8       0x38 build/Middlewares/Third_Party/FreeRTOS/Source/queue.o
 .text.vTaskSuspendAll
                0x0000000008002700       0x24 build/Middlewares/Third_Party/FreeRTOS/Source/tasks.o
                0x0000000008002700                vTaskSuspendAll
 .text.xTaskResumeAll
                0x0000000008002724      0x174 build/Middlewares/Third_Party/FreeRTOS/Source/tasks.o
                0x0000000008002724                xTaskResumeAll
 .text.xTaskIncrementTick
                0x0000000008002898      0x248 build/Middlewares/Third_Party/FreeRTOS/Source/tasks.o
                0x0000000008002898                xTaskIncrementTick
 .text.vTaskSwitchContext
                0x0000000008002ae0       0xe4 build/Middlewares/Third_Party/FreeRTOS/Source/tasks.o
                0x0000000008002ae0                vTaskSwitchContext
 .text.vTaskPlaceOnEventList
                0x0000000008002bc4       0x84 build/Middlewares/Third_Party/FreeRTOS/Source/tasks.o
                0x0000000008002bc4                vTaskPlaceOnEventList
 .text.xTaskRemoveFromEventList
                0x0000000008002c48       0xdc build/Middlewares/Third_Party/FreeRTOS/Source/tasks.o
                0x0000000008002c48                xTaskRemoveFromEventList
 .text.vTaskSetTimeOutState
                0x0000000008002d24       0x38 build/Middlewares/Third_Party/FreeRTOS/Source/tasks.o
                0x0000000008002d24                vTaskSetTimeOutState
 .text.xTaskCheckForTimeOut
                0x0000000008002d5c       0xb0 build/Middlewares/Third_Party/FreeRTOS/Source/tasks.o
                0x0000000008002d5c                xTaskCheckForTimeOut
 .text.vTaskMissedYield
                0x0000000008002e0c       0x18 build/Middlewares/Third_Party/FreeRTOS/Source/tasks.o
                0x0000000008002e0c                vTaskMissedYield
 .text.prvAddCurrentTaskToDelayedList
                0x0000000008002e24       0x8c build/Middlewares/Third_Party/FreeRTOS/Source/tasks.o
 .text.xTaskGetSchedulerState
                0x0000000008002eb0       0x48 build/Middlewares/Third_Party/FreeRTOS/Source/tasks.o
                0x0000000008002eb0                xTaskGetSchedulerState
 .text.vTaskPriorityDisinherit
                0x0000000008002ef8       0x90 build/Middlewares/Third_Party/FreeRTOS/Source/tasks.o
                0x0000000008002ef8                vTaskPriorityDisinherit
 .text.SVC_Handler
                0x0000000008002f88       0x1c build/Middlewares/Third_Party/FreeRTOS/Source/portable/GCC/ARM_CM4F/port.o
                0x0000000008002f88                SVC_Handler
 .text.vPortYield
                0x0000000008002fa4       0x20 build/Middlewares/Third_Party/FreeRTOS/Source/portable/GCC/ARM_CM4F/port.o
                0x0000000008002fa4                vPortYield
 .text.vPortEnterCritical
                0x0000000008002fc4       0x2c build/Middlewares/Third_Party/FreeRTOS/Source/portable/GCC/ARM_CM4F/port.o
                0x0000000008002fc4                vPortEnterCritical
 .text.vPortExitCritical
                0x0000000008002ff0       0x34 build/Middlewares/Third_Party/FreeRTOS/Source/portable/GCC/ARM_CM4F/port.o
                0x0000000008002ff0                vPortExitCritical
 .text.ulPortSetInterruptMask
                0x0000000008003024       0x14 build/Middlewares/Third_Party/FreeRTOS/Source/portable/GCC/ARM_CM4F/port.o
                0x0000000008003024                ulPortSetInterruptMask
 .text.vPortClearInterruptMask
                0x0000000008003038        0x8 build/Middlewares/Third_Party/FreeRTOS/Source/portable/GCC/ARM_CM4F/port.o
                0x0000000008003038                vPortClearInterruptMask
 .text.PendSV_Handler
                0x0000000008003040       0x50 build/Middlewares/Third_Party/FreeRTOS/Source/portable/GCC/ARM_CM4F/port.o
                0x0000000008003040                PendSV_Handler
 .text.xPortSysTickHandler
                0x0000000008003090       0x2c build/Middlewares/Third_Party/FreeRTOS/Source/portable/GCC/ARM_CM4F/port.o
                0x0000000008003090                xPortSysTickHandler
 .text.Reset_Handler
                0x00000000080030bc       0x58 build/src/startup_stm32f429xx.o
                0x00000000080030bc                Reset_Handler
 .text.Default_Handler
                0x0000000008003114        0x4 build/src/startup_stm32f429xx.o
                0x0000000008003114                DMA1_Stream3_IRQHandler
                0x0000000008003114                HASH_RNG_IRQHandler
                0x0000000008003114                EXTI2_IRQHandler
                0x0000000008003114                TIM8_CC_IRQHandler
                0x0000000008003114                SPI4_IRQHandler
                0x0000000008003114                TIM1_CC_IRQHandler
                0x0000000008003114                DMA2_Stream5_IRQHandler
                0x0000000008003114                DMA1_Stream5_IRQHandler
                0x0000000008003114                PVD_IRQHandler
                0x0000000008003114                SDIO_IRQHandler
                0x0000000008003114                TAMP_STAMP_IRQHandler
                0x0000000008003114                CAN2_RX1_IRQHandler
                0x0000000008003114                EXTI3_IRQHandler
                0x0000000008003114                TIM8_TRG_COM_TIM14_IRQHandler
                0x0000000008003114                TIM1_UP_TIM10_IRQHandler
                0x0000000008003114                TIM8_UP_TIM13_IRQHandler
                0x0000000008003114                I2C3_ER_IRQHandler
                0x0000000008003114                EXTI0_IRQHandler
                0x0000000008003114                I2C2_EV_IRQHandler
                0x0000000008003114                DMA1_Stream2_IRQHandler
                0x0000000008003114                CAN1_RX0_IRQHandler
                0x0000000008003114                FPU_IRQHandler
                0x0000000008003114                OTG_HS_WKUP_IRQHandler
                0x0000000008003114                LTDC_ER_IRQHandler
                0x0000000008003114                CAN2_SCE_IRQHandler
                0x0000000008003114                DMA2_Stream2_IRQHandler
                0x0000000008003114                SPI1_IRQHandler
                0x0000000008003114                TIM6_DAC_IRQHandler
                0x0000000008003114                TIM1_BRK_TIM9_IRQHandler
                0x0000000008003114                DCMI_IRQHandler
                0x0000000008003114                CAN2_RX0_IRQHandler
                0x0000000008003114                DMA2_Stream3_IRQHandler
                0x0000000008003114                CAN1_RX1_IRQHandler
                0x0000000008003114                DMA2_Stream0_IRQHandler
                0x0000000008003114                TIM4_IRQHandler
                0x0000000008003114                I2C1_EV_IRQHandler
                0x0000000008003114                DMA1_Stream6_IRQHandler
                0x0000000008003114                DMA1_Stream1_IRQHandler
                0x0000000008003114                TIM3_IRQHandler
                0x0000000008003114                RCC_IRQHandler
                0x0000000008003114                TIM8_BRK_TIM12_IRQHandler
                0x0000000008003114                Default_Handler
                0x0000000008003114                EXTI15_10_IRQHandler
                0x0000000008003114                ADC_IRQHandler
                0x0000000008003114                DMA1_Stream7_IRQHandler
                0x0000000008003114                SPI5_IRQHandler
                0x0000000008003114                TIM7_IRQHandler
                0x0000000008003114                CAN2_TX_IRQHandler
                0x0000000008003114                TIM5_IRQHandler
                0x0000000008003114                DMA2_Stream7_IRQHandler
                0x0000000008003114                I2C3_EV_IRQHandler
                0x0000000008003114                EXTI9_5_IRQHandler
                0x0000000008003114                RTC_WKUP_IRQHandler
                0x0000000008003114                LTDC_IRQHandler
                0x0000000008003114                ETH_WKUP_IRQHandler
                0x0000000008003114                SPI2_IRQHandler
                0x0000000008003114                OTG_HS_EP1_IN_IRQHandler
                0x0000000008003114                DMA1_Stream0_IRQHandler
                0x0000000008003114                CAN1_TX_IRQHandler
                0x0000000008003114                EXTI4_IRQHandler
                0x0000000008003114                ETH_IRQHandler
                0x0000000008003114                OTG_HS_EP1_OUT_IRQHandler
                0x0000000008003114                WWDG_IRQHandler
                0x0000000008003114                SPI6_IRQHandler
                0x0000000008003114                TIM2_IRQHandler
                0x0000000008003114                OTG_FS_WKUP_IRQHandler
                0x0000000008003114                TIM1_TRG_COM_TIM11_IRQHandler
                0x0000000008003114                OTG_HS_IRQHandler
                0x0000000008003114                DMA2D_IRQHandler
                0x0000000008003114                EXTI1_IRQHandler
                0x0000000008003114                I2C2_ER_IRQHandler
                0x0000000008003114                DMA2_Stream1_IRQHandler
                0x0000000008003114                CAN1_SCE_IRQHandler
                0x0000000008003114                FLASH_IRQHandler
                0x0000000008003114                DMA2_Stream4_IRQHandler
                0x0000000008003114                OTG_FS_IRQHandler
                0x0000000008003114                SPI3_IRQHandler
                0x0000000008003114                DMA1_Stream4_IRQHandler
                0x0000000008003114                I2C1_ER_IRQHandler
                0x0000000008003114                FMC_IRQHandler
                0x0000000008003114                DMA2_Stream6_IRQHandler
                0x0000000008003114                SAI1_IRQHandler
                0x0000000008003114                RTC_Alarm_IRQHandler
 .text.BSP_LED_Init
                0x0000000008003118       0xb0 build/Drivers/BSP/STM32F429I-Discovery/stm32f429i_discovery.o
                0x0000000008003118                BSP_LED_Init
 .text.pvPortMalloc
                0x00000000080031c8      0x158 build/Middlewares/Third_Party/FreeRTOS/Source/portable/MemMang/heap_4.o
                0x00000000080031c8                pvPortMalloc
 .text.prvHeapInit
                0x0000000008003320       0xf8 build/Middlewares/Third_Party/FreeRTOS/Source/portable/MemMang/heap_4.o
 .text.prvInsertBlockIntoFreeList
                0x0000000008003418       0xbc build/Middlewares/Third_Party/FreeRTOS/Source/portable/MemMang/heap_4.o
 .text.__register_exitproc
                0x00000000080034d4       0xac /usr/local/Cellar/gcc-arm-none-eabi/20140408/bin/../lib/gcc/arm-none-eabi/4.7.4/../../../../arm-none-eabi/lib/armv7e-m/softfp/libg.a(lib_a-__atexit.o)
                0x00000000080034d4                __register_exitproc
 .text.__libc_fini_array
                0x0000000008003580       0x50 /usr/local/Cellar/gcc-arm-none-eabi/20140408/bin/../lib/gcc/arm-none-eabi/4.7.4/../../../../arm-none-eabi/lib/armv7e-m/softfp/libg.a(lib_a-fini.o)
                0x0000000008003580                __libc_fini_array
 .text.__libc_init_array
                0x00000000080035d0       0x94 /usr/local/Cellar/gcc-arm-none-eabi/20140408/bin/../lib/gcc/arm-none-eabi/4.7.4/../../../../arm-none-eabi/lib/armv7e-m/softfp/libg.a(lib_a-init.o)
                0x00000000080035d0                __libc_init_array
 .text.memcpy   0x0000000008003664      0x144 /usr/local/Cellar/gcc-arm-none-eabi/20140408/bin/../lib/gcc/arm-none-eabi/4.7.4/../../../../arm-none-eabi/lib/armv7e-m/softfp/libg.a(lib_a-memcpy.o)
                0x0000000008003664                memcpy
 .text.memset   0x00000000080037a8      0x12c /usr/local/Cellar/gcc-arm-none-eabi/20140408/bin/../lib/gcc/arm-none-eabi/4.7.4/../../../../arm-none-eabi/lib/armv7e-m/softfp/libg.a(lib_a-memset.o)
                0x00000000080037a8                memset
 .text.startup.register_fini
                0x00000000080038d4       0x14 /usr/local/Cellar/gcc-arm-none-eabi/20140408/bin/../lib/gcc/arm-none-eabi/4.7.4/../../../../arm-none-eabi/lib/armv7e-m/softfp/libg.a(lib_a-__call_atexit.o)
 .text.atexit   0x00000000080038e8        0xc /usr/local/Cellar/gcc-arm-none-eabi/20140408/bin/../lib/gcc/arm-none-eabi/4.7.4/../../../../arm-none-eabi/lib/armv7e-m/softfp/libg.a(lib_a-atexit.o)
                0x00000000080038e8                atexit
 *(.glue_7)
 .glue_7        0x0000000000000000        0x0 linker stubs
 *(.glue_7t)
 .glue_7t       0x0000000000000000        0x0 linker stubs
 *(.eh_frame)
 .eh_frame      0x00000000080038f4        0x0 /usr/local/Cellar/gcc-arm-none-eabi/20140408/bin/../lib/gcc/arm-none-eabi/4.7.4/armv7e-m/softfp/crtbegin.o
 *(.init)
 .init          0x00000000080038f4        0x4 /usr/local/Cellar/gcc-arm-none-eabi/20140408/bin/../lib/gcc/arm-none-eabi/4.7.4/armv7e-m/softfp/crti.o
                0x00000000080038f4                _init
 .init          0x00000000080038f8        0x8 /usr/local/Cellar/gcc-arm-none-eabi/20140408/bin/../lib/gcc/arm-none-eabi/4.7.4/armv7e-m/softfp/crtn.o
 *(.fini)
 .fini          0x0000000008003900        0x4 /usr/local/Cellar/gcc-arm-none-eabi/20140408/bin/../lib/gcc/arm-none-eabi/4.7.4/armv7e-m/softfp/crti.o
                0x0000000008003900                _fini
 .fini          0x0000000008003904        0x8 /usr/local/Cellar/gcc-arm-none-eabi/20140408/bin/../lib/gcc/arm-none-eabi/4.7.4/armv7e-m/softfp/crtn.o
                0x000000000800390c                . = ALIGN (0x4)
                0x000000000800390c                _etext = .

.vfp11_veneer   0x000000000800390c        0x0
 .vfp11_veneer  0x0000000000000000        0x0 linker stubs

.v4_bx          0x000000000800390c        0x0
 .v4_bx         0x0000000000000000        0x0 linker stubs

.iplt           0x000000000800390c        0x0
 .iplt          0x0000000000000000        0x0 /usr/local/Cellar/gcc-arm-none-eabi/20140408/bin/../lib/gcc/arm-none-eabi/4.7.4/armv7e-m/softfp/crtbegin.o

.rodata         0x000000000800390c       0x24
                0x000000000800390c                . = ALIGN (0x4)
 *(.rodata)
 *(.rodata*)
 .rodata.APBAHBPrescTable
                0x000000000800390c       0x10 build/Drivers/STM32F4xx_HAL_Driver/Src/stm32f4xx_hal_rcc.o
                0x000000000800390c                APBAHBPrescTable
 .rodata.GPIO_PIN
                0x000000000800391c        0x4 build/Drivers/BSP/STM32F429I-Discovery/stm32f429i_discovery.o
                0x000000000800391c                GPIO_PIN
 .rodata.heapSTRUCT_SIZE
                0x0000000008003920        0x2 build/Middlewares/Third_Party/FreeRTOS/Source/portable/MemMang/heap_4.o
 *fill*         0x0000000008003922        0x2 00
 .rodata.xTotalHeapSize
                0x0000000008003924        0x4 build/Middlewares/Third_Party/FreeRTOS/Source/portable/MemMang/heap_4.o
 .rodata.str1.4
                0x0000000008003928        0x4 /usr/local/Cellar/gcc-arm-none-eabi/20140408/bin/../lib/gcc/arm-none-eabi/4.7.4/../../../../arm-none-eabi/lib/armv7e-m/softfp/libg.a(lib_a-impure.o)
 .rodata._global_impure_ptr
                0x000000000800392c        0x4 /usr/local/Cellar/gcc-arm-none-eabi/20140408/bin/../lib/gcc/arm-none-eabi/4.7.4/../../../../arm-none-eabi/lib/armv7e-m/softfp/libg.a(lib_a-impure.o)
                0x000000000800392c                _global_impure_ptr
                0x0000000008003930                . = ALIGN (0x4)

.rel.dyn        0x0000000008003930        0x0
 .rel.iplt      0x0000000000000000        0x0 /usr/local/Cellar/gcc-arm-none-eabi/20140408/bin/../lib/gcc/arm-none-eabi/4.7.4/armv7e-m/softfp/crtbegin.o

.ARM.extab
 *(.ARM.extab* .gnu.linkonce.armextab.*)

.ARM            0x0000000008003930        0x0
                0x0000000008003930                __exidx_start = .
 *(.ARM.exidx*)
                0x0000000008003930                __exidx_end = .

.preinit_array  0x0000000008003930        0x0
                0x0000000008003930                PROVIDE (__preinit_array_start, .)
 *(.preinit_array*)
                0x0000000008003930                PROVIDE (__preinit_array_end, .)

.init_array     0x0000000008003930       0x10
                0x0000000008003930                PROVIDE (__init_array_start, .)
 *(SORT(.init_array.*))
 .init_array.00000
                0x0000000008003930        0x4 /usr/local/Cellar/gcc-arm-none-eabi/20140408/bin/../lib/gcc/arm-none-eabi/4.7.4/../../../../arm-none-eabi/lib/armv7e-m/softfp/libg.a(lib_a-__call_atexit.o)
 *(.init_array*)
 .init_array    0x0000000008003934        0x4 /usr/local/Cellar/gcc-arm-none-eabi/20140408/bin/../lib/gcc/arm-none-eabi/4.7.4/armv7e-m/softfp/crtbegin.o
 .init_array    0x0000000008003938        0x4 build/src/filesystem.o
 .init_array    0x000000000800393c        0x4 build/src/fio.o
                0x0000000008003940                PROVIDE (__init_array_end, .)

.fini_array     0x0000000008003940        0x4
                0x0000000008003940                PROVIDE (__fini_array_start, .)
 *(SORT(.fini_array.*))
 *(.fini_array*)
 .fini_array    0x0000000008003940        0x4 /usr/local/Cellar/gcc-arm-none-eabi/20140408/bin/../lib/gcc/arm-none-eabi/4.7.4/armv7e-m/softfp/crtbegin.o
                0x0000000008003944                PROVIDE (__fini_array_end, .)
                0x0000000008003944                _sidata = LOADADDR (.data)

.data           0x0000000020000000      0x440 load address 0x0000000008003944
                0x0000000020000000                . = ALIGN (0x4)
                0x0000000020000000                _sdata = .
 *(.data)
 *(.data*)
 .data.SystemCoreClock
                0x0000000020000000        0x4 build/src/system_stm32f4xx.o
                0x0000000020000000                SystemCoreClock
 .data.xNextTaskUnblockTime
                0x0000000020000004        0x4 build/Middlewares/Third_Party/FreeRTOS/Source/tasks.o
 .data.uxCriticalNesting
                0x0000000020000008        0x4 build/Middlewares/Third_Party/FreeRTOS/Source/portable/GCC/ARM_CM4F/port.o
 .data.GPIO_PORT
                0x000000002000000c        0x8 build/Drivers/BSP/STM32F429I-Discovery/stm32f429i_discovery.o
                0x000000002000000c                GPIO_PORT
 .data.xFreeBytesRemaining
                0x0000000020000014        0x4 build/Middlewares/Third_Party/FreeRTOS/Source/portable/MemMang/heap_4.o
 .data.impure_data
                0x0000000020000018      0x428 /usr/local/Cellar/gcc-arm-none-eabi/20140408/bin/../lib/gcc/arm-none-eabi/4.7.4/../../../../arm-none-eabi/lib/armv7e-m/softfp/libg.a(lib_a-impure.o)
                0x0000000020000440                . = ALIGN (0x4)
                0x0000000020000440                _edata = .
                0x0000000008003d84                _siccmram = LOADADDR (.ccmram)

.jcr            0x0000000020000440        0x0 load address 0x0000000008003d84
 .jcr           0x0000000020000440        0x0 /usr/local/Cellar/gcc-arm-none-eabi/20140408/bin/../lib/gcc/arm-none-eabi/4.7.4/armv7e-m/softfp/crtbegin.o

.igot.plt       0x0000000020000440        0x0 load address 0x0000000008003d84
 .igot.plt      0x0000000000000000        0x0 /usr/local/Cellar/gcc-arm-none-eabi/20140408/bin/../lib/gcc/arm-none-eabi/4.7.4/armv7e-m/softfp/crtbegin.o

.ccmram         0x0000000010000000        0x0 load address 0x0000000008003d84
                0x0000000010000000                . = ALIGN (0x4)
                0x0000000010000000                _sccmram = .
 *(.ccmram)
 *(.ccmram*)
                0x0000000010000000                . = ALIGN (0x4)
                0x0000000010000000                _eccmram = .
                0x0000000010000000                . = ALIGN (0x4)

.bss            0x0000000020000440     0x40a8
                0x0000000020000440                _sbss = .
                0x0000000020000440                __bss_start__ = _sbss
 *(.bss)
 .bss           0x0000000020000440       0x1c /usr/local/Cellar/gcc-arm-none-eabi/20140408/bin/../lib/gcc/arm-none-eabi/4.7.4/armv7e-m/softfp/crtbegin.o
 *(.bss*)
 .bss.fss       0x000000002000045c       0xc0 build/src/filesystem.o
 .bss.fio_fds   0x000000002000051c      0x280 build/src/fio.o
 .bss.fio_sem   0x000000002000079c        0x4 build/src/fio.o
 .bss.UartHandle
                0x00000000200007a0       0x3c build/src/uart.o
                0x00000000200007a0                UartHandle
 .bss.UartReady
                0x00000000200007dc        0x1 build/src/uart.o
                0x00000000200007dc                UartReady
 *fill*         0x00000000200007dd        0x3 00
 .bss.uwTick    0x00000000200007e0        0x4 build/Drivers/STM32F4xx_HAL_Driver/Src/stm32f4xx_hal.o
 .bss.pxCurrentTCB
                0x00000000200007e4        0x4 build/Middlewares/Third_Party/FreeRTOS/Source/tasks.o
                0x00000000200007e4                pxCurrentTCB
 .bss.pxReadyTasksLists
                0x00000000200007e8       0xa0 build/Middlewares/Third_Party/FreeRTOS/Source/tasks.o
 .bss.pxDelayedTaskList
                0x0000000020000888        0x4 build/Middlewares/Third_Party/FreeRTOS/Source/tasks.o
 .bss.pxOverflowDelayedTaskList
                0x000000002000088c        0x4 build/Middlewares/Third_Party/FreeRTOS/Source/tasks.o
 .bss.xPendingReadyList
                0x0000000020000890       0x14 build/Middlewares/Third_Party/FreeRTOS/Source/tasks.o
 .bss.xSuspendedTaskList
                0x00000000200008a4       0x14 build/Middlewares/Third_Party/FreeRTOS/Source/tasks.o
 .bss.uxCurrentNumberOfTasks
                0x00000000200008b8        0x4 build/Middlewares/Third_Party/FreeRTOS/Source/tasks.o
 .bss.xTickCount
                0x00000000200008bc        0x4 build/Middlewares/Third_Party/FreeRTOS/Source/tasks.o
 .bss.uxTopReadyPriority
                0x00000000200008c0        0x4 build/Middlewares/Third_Party/FreeRTOS/Source/tasks.o
 .bss.xSchedulerRunning
                0x00000000200008c4        0x4 build/Middlewares/Third_Party/FreeRTOS/Source/tasks.o
 .bss.uxSchedulerSuspended
                0x00000000200008c8        0x4 build/Middlewares/Third_Party/FreeRTOS/Source/tasks.o
 .bss.uxPendedTicks
                0x00000000200008cc        0x4 build/Middlewares/Third_Party/FreeRTOS/Source/tasks.o
 .bss.xYieldPending
                0x00000000200008d0        0x4 build/Middlewares/Third_Party/FreeRTOS/Source/tasks.o
 .bss.xNumOfOverflows
                0x00000000200008d4        0x4 build/Middlewares/Third_Party/FreeRTOS/Source/tasks.o
 .bss.ucHeap    0x00000000200008d8     0x3c00 build/Middlewares/Third_Party/FreeRTOS/Source/portable/MemMang/heap_4.o
 .bss.xStart    0x00000000200044d8        0x8 build/Middlewares/Third_Party/FreeRTOS/Source/portable/MemMang/heap_4.o
 .bss.pxEnd     0x00000000200044e0        0x4 build/Middlewares/Third_Party/FreeRTOS/Source/portable/MemMang/heap_4.o
 .bss.xBlockAllocatedBit
                0x00000000200044e4        0x4 build/Middlewares/Third_Party/FreeRTOS/Source/portable/MemMang/heap_4.o
 *(COMMON)
                0x00000000200044e8                . = ALIGN (0x4)
                0x00000000200044e8                _ebss = .
                0x00000000200044e8                __bss_end__ = _ebss

._user_heap_stack
                0x00000000200044e8      0x600
                0x00000000200044e8                . = ALIGN (0x4)
                0x00000000200044e8                PROVIDE (end, .)
                0x00000000200044e8                PROVIDE (_end, .)
                0x00000000200046e8                . = (. + _Min_Heap_Size)
 *fill*         0x00000000200044e8      0x200 00
                0x0000000020004ae8                . = (. + _Min_Stack_Size)
 *fill*         0x00000000200046e8      0x400 00
                0x0000000020004ae8                . = ALIGN (0x4)

/DISCARD/
 libc.a(*)
 libm.a(*)
 libgcc.a(*)

.ARM.attributes
                0x0000000000000000       0x30
 *(.ARM.attributes)
 .ARM.attributes
                0x0000000000000000       0x24 /usr/local/Cellar/gcc-arm-none-eabi/20140408/bin/../lib/gcc/arm-none-eabi/4.7.4/armv7e-m/softfp/crti.o
 .ARM.attributes
                0x0000000000000024       0x34 /usr/local/Cellar/gcc-arm-none-eabi/20140408/bin/../lib/gcc/arm-none-eabi/4.7.4/armv7e-m/softfp/crtbegin.o
 .ARM.attributes
                0x0000000000000058       0x35 build/src/filesystem.o
 .ARM.attributes
                0x000000000000008d       0x35 build/src/fio.o
 .ARM.attributes
                0x00000000000000c2       0x35 build/src/main.o
 .ARM.attributes
                0x00000000000000f7       0x35 build/src/stm32f4xx_it.o
 .ARM.attributes
                0x000000000000012c       0x35 build/src/system_stm32f4xx.o
 .ARM.attributes
                0x0000000000000161       0x35 build/src/uart.o
 .ARM.attributes
                0x0000000000000196       0x35 build/Drivers/STM32F4xx_HAL_Driver/Src/stm32f4xx_hal.o
 .ARM.attributes
                0x00000000000001cb       0x35 build/Drivers/STM32F4xx_HAL_Driver/Src/stm32f4xx_hal_cortex.o
 .ARM.attributes
                0x0000000000000200       0x35 build/Drivers/STM32F4xx_HAL_Driver/Src/stm32f4xx_hal_gpio.o
 .ARM.attributes
                0x0000000000000235       0x35 build/Drivers/STM32F4xx_HAL_Driver/Src/stm32f4xx_hal_msp_template.o
 .ARM.attributes
                0x000000000000026a       0x35 build/Drivers/STM32F4xx_HAL_Driver/Src/stm32f4xx_hal_pwr_ex.o
 .ARM.attributes
                0x000000000000029f       0x35 build/Drivers/STM32F4xx_HAL_Driver/Src/stm32f4xx_hal_rcc.o
 .ARM.attributes
                0x00000000000002d4       0x35 build/Drivers/STM32F4xx_HAL_Driver/Src/stm32f4xx_hal_uart.o
 .ARM.attributes
                0x0000000000000309       0x35 build/Middlewares/Third_Party/FreeRTOS/Source/list.o
 .ARM.attributes
                0x000000000000033e       0x35 build/Middlewares/Third_Party/FreeRTOS/Source/queue.o
 .ARM.attributes
                0x0000000000000373       0x35 build/Middlewares/Third_Party/FreeRTOS/Source/tasks.o
 .ARM.attributes
                0x00000000000003a8       0x35 build/Middlewares/Third_Party/FreeRTOS/Source/portable/GCC/ARM_CM4F/port.o
 .ARM.attributes
                0x00000000000003dd       0x21 build/src/startup_stm32f429xx.o
 .ARM.attributes
                0x00000000000003fe       0x35 build/Drivers/BSP/STM32F429I-Discovery/stm32f429i_discovery.o
 .ARM.attributes
                0x0000000000000433       0x35 build/Middlewares/Third_Party/FreeRTOS/Source/portable/MemMang/heap_4.o
 .ARM.attributes
                0x0000000000000468       0x34 /usr/local/Cellar/gcc-arm-none-eabi/20140408/bin/../lib/gcc/arm-none-eabi/4.7.4/../../../../arm-none-eabi/lib/armv7e-m/softfp/libg.a(lib_a-__atexit.o)
 .ARM.attributes
                0x000000000000049c       0x34 /usr/local/Cellar/gcc-arm-none-eabi/20140408/bin/../lib/gcc/arm-none-eabi/4.7.4/../../../../arm-none-eabi/lib/armv7e-m/softfp/libg.a(lib_a-fini.o)
 .ARM.attributes
                0x00000000000004d0       0x34 /usr/local/Cellar/gcc-arm-none-eabi/20140408/bin/../lib/gcc/arm-none-eabi/4.7.4/../../../../arm-none-eabi/lib/armv7e-m/softfp/libg.a(lib_a-impure.o)
 .ARM.attributes
                0x0000000000000504       0x34 /usr/local/Cellar/gcc-arm-none-eabi/20140408/bin/../lib/gcc/arm-none-eabi/4.7.4/../../../../arm-none-eabi/lib/armv7e-m/softfp/libg.a(lib_a-init.o)
 .ARM.attributes
                0x0000000000000538       0x34 /usr/local/Cellar/gcc-arm-none-eabi/20140408/bin/../lib/gcc/arm-none-eabi/4.7.4/../../../../arm-none-eabi/lib/armv7e-m/softfp/libg.a(lib_a-memcpy.o)
 .ARM.attributes
                0x000000000000056c       0x34 /usr/local/Cellar/gcc-arm-none-eabi/20140408/bin/../lib/gcc/arm-none-eabi/4.7.4/../../../../arm-none-eabi/lib/armv7e-m/softfp/libg.a(lib_a-memset.o)
 .ARM.attributes
                0x00000000000005a0       0x34 /usr/local/Cellar/gcc-arm-none-eabi/20140408/bin/../lib/gcc/arm-none-eabi/4.7.4/../../../../arm-none-eabi/lib/armv7e-m/softfp/libg.a(lib_a-__call_atexit.o)
 .ARM.attributes
                0x00000000000005d4       0x34 /usr/local/Cellar/gcc-arm-none-eabi/20140408/bin/../lib/gcc/arm-none-eabi/4.7.4/../../../../arm-none-eabi/lib/armv7e-m/softfp/libg.a(lib_a-atexit.o)
 .ARM.attributes
                0x0000000000000608       0x24 /usr/local/Cellar/gcc-arm-none-eabi/20140408/bin/../lib/gcc/arm-none-eabi/4.7.4/armv7e-m/softfp/crtn.o
OUTPUT(build/main.elf elf32-littlearm)

.debug_info     0x0000000000000000     0xa267
 .debug_info    0x0000000000000000      0x207 build/src/filesystem.o
 .debug_info    0x0000000000000207      0x69b build/src/fio.o
 .debug_info    0x00000000000008a2      0x51c build/src/main.o
 .debug_info    0x0000000000000dbe      0x13a build/src/stm32f4xx_it.o
 .debug_info    0x0000000000000ef8      0x51c build/src/system_stm32f4xx.o
 .debug_info    0x0000000000001414      0xdb1 build/src/uart.o
 .debug_info    0x00000000000021c5      0x901 build/Drivers/STM32F4xx_HAL_Driver/Src/stm32f4xx_hal.o
 .debug_info    0x0000000000002ac6      0xc61 build/Drivers/STM32F4xx_HAL_Driver/Src/stm32f4xx_hal_cortex.o
 .debug_info    0x0000000000003727      0x777 build/Drivers/STM32F4xx_HAL_Driver/Src/stm32f4xx_hal_gpio.o
 .debug_info    0x0000000000003e9e       0xf1 build/Drivers/STM32F4xx_HAL_Driver/Src/stm32f4xx_hal_msp_template.o
 .debug_info    0x0000000000003f8f      0x664 build/Drivers/STM32F4xx_HAL_Driver/Src/stm32f4xx_hal_pwr_ex.o
 .debug_info    0x00000000000045f3      0xf00 build/Drivers/STM32F4xx_HAL_Driver/Src/stm32f4xx_hal_rcc.o
 .debug_info    0x00000000000054f3      0xf37 build/Drivers/STM32F4xx_HAL_Driver/Src/stm32f4xx_hal_uart.o
 .debug_info    0x000000000000642a      0x2ae build/Middlewares/Third_Party/FreeRTOS/Source/list.o
 .debug_info    0x00000000000066d8      0xbe5 build/Middlewares/Third_Party/FreeRTOS/Source/queue.o
 .debug_info    0x00000000000072bd     0x1192 build/Middlewares/Third_Party/FreeRTOS/Source/tasks.o
 .debug_info    0x000000000000844f      0x349 build/Middlewares/Third_Party/FreeRTOS/Source/portable/GCC/ARM_CM4F/port.o
 .debug_info    0x0000000000008798       0x71 build/src/startup_stm32f429xx.o
 .debug_info    0x0000000000008809     0x178c build/Drivers/BSP/STM32F429I-Discovery/stm32f429i_discovery.o
 .debug_info    0x0000000000009f95      0x2d2 build/Middlewares/Third_Party/FreeRTOS/Source/portable/MemMang/heap_4.o

.debug_abbrev   0x0000000000000000     0x1dc7
 .debug_abbrev  0x0000000000000000      0x103 build/src/filesystem.o
 .debug_abbrev  0x0000000000000103      0x1ab build/src/fio.o
 .debug_abbrev  0x00000000000002ae      0x19e build/src/main.o
 .debug_abbrev  0x000000000000044c       0x84 build/src/stm32f4xx_it.o
 .debug_abbrev  0x00000000000004d0      0x106 build/src/system_stm32f4xx.o
 .debug_abbrev  0x00000000000005d6      0x1ae build/src/uart.o
 .debug_abbrev  0x0000000000000784      0x191 build/Drivers/STM32F4xx_HAL_Driver/Src/stm32f4xx_hal.o
 .debug_abbrev  0x0000000000000915      0x280 build/Drivers/STM32F4xx_HAL_Driver/Src/stm32f4xx_hal_cortex.o
 .debug_abbrev  0x0000000000000b95      0x1a6 build/Drivers/STM32F4xx_HAL_Driver/Src/stm32f4xx_hal_gpio.o
 .debug_abbrev  0x0000000000000d3b       0x6c build/Drivers/STM32F4xx_HAL_Driver/Src/stm32f4xx_hal_msp_template.o
 .debug_abbrev  0x0000000000000da7      0x15f build/Drivers/STM32F4xx_HAL_Driver/Src/stm32f4xx_hal_pwr_ex.o
 .debug_abbrev  0x0000000000000f06      0x28e build/Drivers/STM32F4xx_HAL_Driver/Src/stm32f4xx_hal_rcc.o
 .debug_abbrev  0x0000000000001194      0x1ec build/Drivers/STM32F4xx_HAL_Driver/Src/stm32f4xx_hal_uart.o
 .debug_abbrev  0x0000000000001380       0xc3 build/Middlewares/Third_Party/FreeRTOS/Source/list.o
 .debug_abbrev  0x0000000000001443      0x1ce build/Middlewares/Third_Party/FreeRTOS/Source/queue.o
 .debug_abbrev  0x0000000000001611      0x213 build/Middlewares/Third_Party/FreeRTOS/Source/tasks.o
 .debug_abbrev  0x0000000000001824      0x1d2 build/Middlewares/Third_Party/FreeRTOS/Source/portable/GCC/ARM_CM4F/port.o
 .debug_abbrev  0x00000000000019f6       0x12 build/src/startup_stm32f429xx.o
 .debug_abbrev  0x0000000000001a08      0x23b build/Drivers/BSP/STM32F429I-Discovery/stm32f429i_discovery.o
 .debug_abbrev  0x0000000000001c43      0x184 build/Middlewares/Third_Party/FreeRTOS/Source/portable/MemMang/heap_4.o

.debug_loc      0x0000000000000000     0x3d4c
 .debug_loc     0x0000000000000000       0x9c build/src/filesystem.o
 .debug_loc     0x000000000000009c      0x330 build/src/fio.o
 .debug_loc     0x00000000000003cc      0x102 build/src/main.o
 .debug_loc     0x00000000000004ce      0x134 build/src/stm32f4xx_it.o
 .debug_loc     0x0000000000000602       0x64 build/src/system_stm32f4xx.o
 .debug_loc     0x0000000000000666      0x2e8 build/src/uart.o
 .debug_loc     0x000000000000094e      0x40c build/Drivers/STM32F4xx_HAL_Driver/Src/stm32f4xx_hal.o
 .debug_loc     0x0000000000000d5a      0x610 build/Drivers/STM32F4xx_HAL_Driver/Src/stm32f4xx_hal_cortex.o
 .debug_loc     0x000000000000136a      0x1c0 build/Drivers/STM32F4xx_HAL_Driver/Src/stm32f4xx_hal_gpio.o
 .debug_loc     0x000000000000152a       0xb0 build/Drivers/STM32F4xx_HAL_Driver/Src/stm32f4xx_hal_msp_template.o
 .debug_loc     0x00000000000015da      0x170 build/Drivers/STM32F4xx_HAL_Driver/Src/stm32f4xx_hal_pwr_ex.o
 .debug_loc     0x000000000000174a      0x2da build/Drivers/STM32F4xx_HAL_Driver/Src/stm32f4xx_hal_rcc.o
 .debug_loc     0x0000000000001a24      0x850 build/Drivers/STM32F4xx_HAL_Driver/Src/stm32f4xx_hal_uart.o
 .debug_loc     0x0000000000002274      0x118 build/Middlewares/Third_Party/FreeRTOS/Source/list.o
 .debug_loc     0x000000000000238c      0x620 build/Middlewares/Third_Party/FreeRTOS/Source/queue.o
 .debug_loc     0x00000000000029ac      0x900 build/Middlewares/Third_Party/FreeRTOS/Source/tasks.o
 .debug_loc     0x00000000000032ac      0x1dc build/Middlewares/Third_Party/FreeRTOS/Source/portable/GCC/ARM_CM4F/port.o
 .debug_loc     0x0000000000003488      0x78c build/Drivers/BSP/STM32F429I-Discovery/stm32f429i_discovery.o
 .debug_loc     0x0000000000003c14      0x138 build/Middlewares/Third_Party/FreeRTOS/Source/portable/MemMang/heap_4.o

.debug_aranges  0x0000000000000000      0xb68
 .debug_aranges
                0x0000000000000000       0x30 build/src/filesystem.o
 .debug_aranges
                0x0000000000000030       0x90 build/src/fio.o
 .debug_aranges
                0x00000000000000c0       0x40 build/src/main.o
 .debug_aranges
                0x0000000000000100       0x50 build/src/stm32f4xx_it.o
 .debug_aranges
                0x0000000000000150       0x28 build/src/system_stm32f4xx.o
 .debug_aranges
                0x0000000000000178       0x90 build/src/uart.o
 .debug_aranges
                0x0000000000000208       0xd0 build/Drivers/STM32F4xx_HAL_Driver/Src/stm32f4xx_hal.o
 .debug_aranges
                0x00000000000002d8      0x100 build/Drivers/STM32F4xx_HAL_Driver/Src/stm32f4xx_hal_cortex.o
 .debug_aranges
                0x00000000000003d8       0x58 build/Drivers/STM32F4xx_HAL_Driver/Src/stm32f4xx_hal_gpio.o
 .debug_aranges
                0x0000000000000430       0x38 build/Drivers/STM32F4xx_HAL_Driver/Src/stm32f4xx_hal_msp_template.o
 .debug_aranges
                0x0000000000000468       0x50 build/Drivers/STM32F4xx_HAL_Driver/Src/stm32f4xx_hal_pwr_ex.o
 .debug_aranges
                0x00000000000004b8       0x88 build/Drivers/STM32F4xx_HAL_Driver/Src/stm32f4xx_hal_rcc.o
 .debug_aranges
                0x0000000000000540      0x148 build/Drivers/STM32F4xx_HAL_Driver/Src/stm32f4xx_hal_uart.o
 .debug_aranges
                0x0000000000000688       0x40 build/Middlewares/Third_Party/FreeRTOS/Source/list.o
 .debug_aranges
                0x00000000000006c8       0xf8 build/Middlewares/Third_Party/FreeRTOS/Source/queue.o
 .debug_aranges
                0x00000000000007c0      0x168 build/Middlewares/Third_Party/FreeRTOS/Source/tasks.o
 .debug_aranges
                0x0000000000000928       0x98 build/Middlewares/Third_Party/FreeRTOS/Source/portable/GCC/ARM_CM4F/port.o
 .debug_aranges
                0x00000000000009c0       0x28 build/src/startup_stm32f429xx.o
 .debug_aranges
                0x00000000000009e8      0x138 build/Drivers/BSP/STM32F429I-Discovery/stm32f429i_discovery.o
 .debug_aranges
                0x0000000000000b20       0x48 build/Middlewares/Third_Party/FreeRTOS/Source/portable/MemMang/heap_4.o

.debug_ranges   0x0000000000000000      0xa30
 .debug_ranges  0x0000000000000000       0x20 build/src/filesystem.o
 .debug_ranges  0x0000000000000020       0x80 build/src/fio.o
 .debug_ranges  0x00000000000000a0       0x30 build/src/main.o
 .debug_ranges  0x00000000000000d0       0x40 build/src/stm32f4xx_it.o
 .debug_ranges  0x0000000000000110       0x18 build/src/system_stm32f4xx.o
 .debug_ranges  0x0000000000000128       0x80 build/src/uart.o
 .debug_ranges  0x00000000000001a8       0xc0 build/Drivers/STM32F4xx_HAL_Driver/Src/stm32f4xx_hal.o
 .debug_ranges  0x0000000000000268       0xf0 build/Drivers/STM32F4xx_HAL_Driver/Src/stm32f4xx_hal_cortex.o
 .debug_ranges  0x0000000000000358       0x48 build/Drivers/STM32F4xx_HAL_Driver/Src/stm32f4xx_hal_gpio.o
 .debug_ranges  0x00000000000003a0       0x28 build/Drivers/STM32F4xx_HAL_Driver/Src/stm32f4xx_hal_msp_template.o
 .debug_ranges  0x00000000000003c8       0x40 build/Drivers/STM32F4xx_HAL_Driver/Src/stm32f4xx_hal_pwr_ex.o
 .debug_ranges  0x0000000000000408       0x78 build/Drivers/STM32F4xx_HAL_Driver/Src/stm32f4xx_hal_rcc.o
 .debug_ranges  0x0000000000000480      0x138 build/Drivers/STM32F4xx_HAL_Driver/Src/stm32f4xx_hal_uart.o
 .debug_ranges  0x00000000000005b8       0x30 build/Middlewares/Third_Party/FreeRTOS/Source/list.o
 .debug_ranges  0x00000000000005e8       0xe8 build/Middlewares/Third_Party/FreeRTOS/Source/queue.o
 .debug_ranges  0x00000000000006d0      0x158 build/Middlewares/Third_Party/FreeRTOS/Source/tasks.o
 .debug_ranges  0x0000000000000828       0x88 build/Middlewares/Third_Party/FreeRTOS/Source/portable/GCC/ARM_CM4F/port.o
 .debug_ranges  0x00000000000008b0       0x20 build/src/startup_stm32f429xx.o
 .debug_ranges  0x00000000000008d0      0x128 build/Drivers/BSP/STM32F429I-Discovery/stm32f429i_discovery.o
 .debug_ranges  0x00000000000009f8       0x38 build/Middlewares/Third_Party/FreeRTOS/Source/portable/MemMang/heap_4.o

.debug_macro    0x0000000000000000    0x117c0
 .debug_macro   0x0000000000000000      0x177 build/src/filesystem.o
 .debug_macro   0x0000000000000177       0x10 build/src/filesystem.o
 .debug_macro   0x0000000000000187      0x20e build/src/filesystem.o
 .debug_macro   0x0000000000000395      0x16c build/src/filesystem.o
 .debug_macro   0x0000000000000501       0x10 build/src/filesystem.o
 .debug_macro   0x0000000000000511       0x35 build/src/filesystem.o
 .debug_macro   0x0000000000000546      0x495 build/src/filesystem.o
 .debug_macro   0x00000000000009db       0x10 build/src/filesystem.o
 .debug_macro   0x00000000000009eb      0x173 build/src/filesystem.o
 .debug_macro   0x0000000000000b5e      0x135 build/src/filesystem.o
 .debug_macro   0x0000000000000c93       0x10 build/src/filesystem.o
 .debug_macro   0x0000000000000ca3      0x1f2 build/src/fio.o
 .debug_macro   0x0000000000000e95       0x46 build/src/fio.o
 .debug_macro   0x0000000000000edb      0x111 build/src/fio.o
 .debug_macro   0x0000000000000fec       0xb2 build/src/fio.o
 .debug_macro   0x000000000000109e       0x12 build/src/fio.o
 .debug_macro   0x00000000000010b0       0x1f build/src/fio.o
 .debug_macro   0x00000000000010cf      0x23b build/src/fio.o
 .debug_macro   0x000000000000130a       0xb0 build/src/fio.o
 .debug_macro   0x00000000000013ba       0x7e build/src/fio.o
 .debug_macro   0x0000000000001438       0x16 build/src/fio.o
 .debug_macro   0x000000000000144e      0x1ae build/src/main.o
 .debug_macro   0x00000000000015fc      0x1b4 build/src/main.o
 .debug_macro   0x00000000000017b0       0x28 build/src/main.o
 .debug_macro   0x00000000000017d8       0x28 build/src/main.o
 .debug_macro   0x0000000000001800       0x3b build/src/main.o
 .debug_macro   0x000000000000183b       0x2d build/src/main.o
 .debug_macro   0x0000000000001868       0x42 build/src/main.o
 .debug_macro   0x00000000000018aa      0xd39 build/src/main.o
 .debug_macro   0x00000000000025e3     0x9f0c build/src/main.o
 .debug_macro   0x000000000000c4ef       0x43 build/src/main.o
 .debug_macro   0x000000000000c532       0x57 build/src/main.o
 .debug_macro   0x000000000000c589      0xb9c build/src/main.o
 .debug_macro   0x000000000000d125      0x6bd build/src/main.o
 .debug_macro   0x000000000000d7e2      0x13f build/src/main.o
 .debug_macro   0x000000000000d921      0x155 build/src/main.o
 .debug_macro   0x000000000000da76      0x2cd build/src/main.o
 .debug_macro   0x000000000000dd43       0x52 build/src/main.o
 .debug_macro   0x000000000000dd95      0x132 build/src/main.o
 .debug_macro   0x000000000000dec7      0x416 build/src/main.o
 .debug_macro   0x000000000000e2dd      0x1e6 build/src/main.o
 .debug_macro   0x000000000000e4c3       0x22 build/src/main.o
 .debug_macro   0x000000000000e4e5      0x16e build/src/main.o
 .debug_macro   0x000000000000e653       0xaa build/src/main.o
 .debug_macro   0x000000000000e6fd      0x1d1 build/src/main.o
 .debug_macro   0x000000000000e8ce      0x84c build/src/main.o
 .debug_macro   0x000000000000f11a       0x4d build/src/main.o
 .debug_macro   0x000000000000f167      0x23a build/src/main.o
 .debug_macro   0x000000000000f3a1      0x12c build/src/main.o
 .debug_macro   0x000000000000f4cd      0x263 build/src/main.o
 .debug_macro   0x000000000000f730      0x177 build/src/stm32f4xx_it.o
 .debug_macro   0x000000000000f8a7       0x16 build/src/stm32f4xx_it.o
 .debug_macro   0x000000000000f8bd      0x117 build/src/stm32f4xx_it.o
 .debug_macro   0x000000000000f9d4       0x5b build/src/stm32f4xx_it.o
 .debug_macro   0x000000000000fa2f       0x4f build/src/stm32f4xx_it.o
 .debug_macro   0x000000000000fa7e       0x6d build/src/stm32f4xx_it.o
 .debug_macro   0x000000000000faeb       0xcd build/src/system_stm32f4xx.o
 .debug_macro   0x000000000000fbb8      0x1af build/src/uart.o
 .debug_macro   0x000000000000fd67      0x1f3 build/Drivers/STM32F4xx_HAL_Driver/Src/stm32f4xx_hal.o
 .debug_macro   0x000000000000ff5a      0x1a5 build/Drivers/STM32F4xx_HAL_Driver/Src/stm32f4xx_hal_cortex.o
 .debug_macro   0x00000000000100ff      0x1e4 build/Drivers/STM32F4xx_HAL_Driver/Src/stm32f4xx_hal_gpio.o
 .debug_macro   0x00000000000102e3      0x1a5 build/Drivers/STM32F4xx_HAL_Driver/Src/stm32f4xx_hal_msp_template.o
 .debug_macro   0x0000000000010488      0x1b7 build/Drivers/STM32F4xx_HAL_Driver/Src/stm32f4xx_hal_pwr_ex.o
 .debug_macro   0x000000000001063f      0x1e7 build/Drivers/STM32F4xx_HAL_Driver/Src/stm32f4xx_hal_rcc.o
 .debug_macro   0x0000000000010826      0x1ad build/Drivers/STM32F4xx_HAL_Driver/Src/stm32f4xx_hal_uart.o
 .debug_macro   0x00000000000109d3      0x133 build/Middlewares/Third_Party/FreeRTOS/Source/list.o
 .debug_macro   0x0000000000010b06       0x10 build/Middlewares/Third_Party/FreeRTOS/Source/list.o
 .debug_macro   0x0000000000010b16      0x100 build/Middlewares/Third_Party/FreeRTOS/Source/list.o
 .debug_macro   0x0000000000010c16       0x22 build/Middlewares/Third_Party/FreeRTOS/Source/list.o
 .debug_macro   0x0000000000010c38       0x85 build/Middlewares/Third_Party/FreeRTOS/Source/list.o
 .debug_macro   0x0000000000010cbd      0x1a4 build/Middlewares/Third_Party/FreeRTOS/Source/queue.o
 .debug_macro   0x0000000000010e61       0x12 build/Middlewares/Third_Party/FreeRTOS/Source/queue.o
 .debug_macro   0x0000000000010e73      0x22a build/Middlewares/Third_Party/FreeRTOS/Source/tasks.o
 .debug_macro   0x000000000001109d       0x16 build/Middlewares/Third_Party/FreeRTOS/Source/tasks.o
 .debug_macro   0x00000000000110b3      0x17e build/Middlewares/Third_Party/FreeRTOS/Source/portable/GCC/ARM_CM4F/port.o
 .debug_macro   0x0000000000011231      0x1d2 build/Drivers/BSP/STM32F429I-Discovery/stm32f429i_discovery.o
 .debug_macro   0x0000000000011403      0x25d build/Drivers/BSP/STM32F429I-Discovery/stm32f429i_discovery.o
 .debug_macro   0x0000000000011660      0x160 build/Middlewares/Third_Party/FreeRTOS/Source/portable/MemMang/heap_4.o

.debug_line     0x0000000000000000     0x811c
 .debug_line    0x0000000000000000      0x38d build/src/filesystem.o
 .debug_line    0x000000000000038d      0x5e8 build/src/fio.o
 .debug_line    0x0000000000000975      0x5d1 build/src/main.o
 .debug_line    0x0000000000000f46      0x4ea build/src/stm32f4xx_it.o
 .debug_line    0x0000000000001430      0x33f build/src/system_stm32f4xx.o
 .debug_line    0x000000000000176f      0x6b7 build/src/uart.o
 .debug_line    0x0000000000001e26      0x700 build/Drivers/STM32F4xx_HAL_Driver/Src/stm32f4xx_hal.o
 .debug_line    0x0000000000002526      0x81a build/Drivers/STM32F4xx_HAL_Driver/Src/stm32f4xx_hal_cortex.o
 .debug_line    0x0000000000002d40      0x6e2 build/Drivers/STM32F4xx_HAL_Driver/Src/stm32f4xx_hal_gpio.o
 .debug_line    0x0000000000003422      0x599 build/Drivers/STM32F4xx_HAL_Driver/Src/stm32f4xx_hal_msp_template.o
 .debug_line    0x00000000000039bb      0x638 build/Drivers/STM32F4xx_HAL_Driver/Src/stm32f4xx_hal_pwr_ex.o
 .debug_line    0x0000000000003ff3      0x938 build/Drivers/STM32F4xx_HAL_Driver/Src/stm32f4xx_hal_rcc.o
 .debug_line    0x000000000000492b      0xbe3 build/Drivers/STM32F4xx_HAL_Driver/Src/stm32f4xx_hal_uart.o
 .debug_line    0x000000000000550e      0x422 build/Middlewares/Third_Party/FreeRTOS/Source/list.o
 .debug_line    0x0000000000005930      0x95b build/Middlewares/Third_Party/FreeRTOS/Source/queue.o
 .debug_line    0x000000000000628b      0xbfe build/Middlewares/Third_Party/FreeRTOS/Source/tasks.o
 .debug_line    0x0000000000006e89      0x4ae build/Middlewares/Third_Party/FreeRTOS/Source/portable/GCC/ARM_CM4F/port.o
 .debug_line    0x0000000000007337       0x78 build/src/startup_stm32f429xx.o
 .debug_line    0x00000000000073af      0x8c1 build/Drivers/BSP/STM32F429I-Discovery/stm32f429i_discovery.o
 .debug_line    0x0000000000007c70      0x4ac build/Middlewares/Third_Party/FreeRTOS/Source/portable/MemMang/heap_4.o

.debug_str      0x0000000000000000    0x6ccda
 .debug_str     0x0000000000000000     0x5e99 build/src/filesystem.o
                                       0x6052 (size before relaxing)
 .debug_str     0x0000000000005e99     0x2cc8 build/src/fio.o
                                       0x8cdb (size before relaxing)
 .debug_str     0x0000000000008b61    0x5e0af build/src/main.o
                                      0x61041 (size before relaxing)
 .debug_str     0x0000000000066c10     0x13dd build/src/stm32f4xx_it.o
                                      0x466d5 (size before relaxing)
 .debug_str     0x0000000000067fed       0xcc build/src/system_stm32f4xx.o
                                      0x4279b (size before relaxing)
 .debug_str     0x00000000000680b9      0xb4b build/src/uart.o
                                      0x60c57 (size before relaxing)
 .debug_str     0x0000000000068c04      0x508 build/Drivers/STM32F4xx_HAL_Driver/Src/stm32f4xx_hal.o
                                      0x60b04 (size before relaxing)
 .debug_str     0x000000000006910c      0x297 build/Drivers/STM32F4xx_HAL_Driver/Src/stm32f4xx_hal_cortex.o
                                      0x608d7 (size before relaxing)
 .debug_str     0x00000000000693a3      0x59d build/Drivers/STM32F4xx_HAL_Driver/Src/stm32f4xx_hal_gpio.o
                                      0x606b4 (size before relaxing)
 .debug_str     0x0000000000069940       0x60 build/Drivers/STM32F4xx_HAL_Driver/Src/stm32f4xx_hal_msp_template.o
                                      0x5ffb2 (size before relaxing)
 .debug_str     0x00000000000699a0      0x18b build/Drivers/STM32F4xx_HAL_Driver/Src/stm32f4xx_hal_pwr_ex.o
                                      0x6029a (size before relaxing)
 .debug_str     0x0000000000069b2b      0x307 build/Drivers/STM32F4xx_HAL_Driver/Src/stm32f4xx_hal_rcc.o
                                      0x605a5 (size before relaxing)
 .debug_str     0x0000000000069e32      0x339 build/Drivers/STM32F4xx_HAL_Driver/Src/stm32f4xx_hal_uart.o
                                      0x60812 (size before relaxing)
 .debug_str     0x000000000006a16b      0x1c5 build/Middlewares/Third_Party/FreeRTOS/Source/list.o
                                       0x67b5 (size before relaxing)
 .debug_str     0x000000000006a330      0x756 build/Middlewares/Third_Party/FreeRTOS/Source/queue.o
                                       0x7c67 (size before relaxing)
 .debug_str     0x000000000006aa86      0xf41 build/Middlewares/Third_Party/FreeRTOS/Source/tasks.o
                                       0x89c9 (size before relaxing)
 .debug_str     0x000000000006b9c7      0x7b3 build/Middlewares/Third_Party/FreeRTOS/Source/portable/GCC/ARM_CM4F/port.o
                                       0x5b95 (size before relaxing)
 .debug_str     0x000000000006c17a      0x903 build/Drivers/BSP/STM32F429I-Discovery/stm32f429i_discovery.o
                                      0x6212c (size before relaxing)
 .debug_str     0x000000000006ca7d      0x25d build/Middlewares/Third_Party/FreeRTOS/Source/portable/MemMang/heap_4.o
                                       0x6c7b (size before relaxing)

.comment        0x0000000000000000       0x70
 .comment       0x0000000000000000       0x70 build/src/filesystem.o
                                         0x71 (size before relaxing)
 .comment       0x0000000000000000       0x71 build/src/fio.o
 .comment       0x0000000000000000       0x71 build/src/main.o
 .comment       0x0000000000000000       0x71 build/src/stm32f4xx_it.o
 .comment       0x0000000000000000       0x71 build/src/system_stm32f4xx.o
 .comment       0x0000000000000000       0x71 build/src/uart.o
 .comment       0x0000000000000000       0x71 build/Drivers/STM32F4xx_HAL_Driver/Src/stm32f4xx_hal.o
 .comment       0x0000000000000000       0x71 build/Drivers/STM32F4xx_HAL_Driver/Src/stm32f4xx_hal_cortex.o
 .comment       0x0000000000000000       0x71 build/Drivers/STM32F4xx_HAL_Driver/Src/stm32f4xx_hal_gpio.o
 .comment       0x0000000000000000       0x71 build/Drivers/STM32F4xx_HAL_Driver/Src/stm32f4xx_hal_msp_template.o
 .comment       0x0000000000000000       0x71 build/Drivers/STM32F4xx_HAL_Driver/Src/stm32f4xx_hal_pwr_ex.o
 .comment       0x0000000000000000       0x71 build/Drivers/STM32F4xx_HAL_Driver/Src/stm32f4xx_hal_rcc.o
 .comment       0x0000000000000000       0x71 build/Drivers/STM32F4xx_HAL_Driver/Src/stm32f4xx_hal_uart.o
 .comment       0x0000000000000000       0x71 build/Middlewares/Third_Party/FreeRTOS/Source/list.o
 .comment       0x0000000000000000       0x71 build/Middlewares/Third_Party/FreeRTOS/Source/queue.o
 .comment       0x0000000000000000       0x71 build/Middlewares/Third_Party/FreeRTOS/Source/tasks.o
 .comment       0x0000000000000000       0x71 build/Middlewares/Third_Party/FreeRTOS/Source/portable/GCC/ARM_CM4F/port.o
 .comment       0x0000000000000000       0x71 build/Drivers/BSP/STM32F429I-Discovery/stm32f429i_discovery.o
 .comment       0x0000000000000000       0x71 build/Middlewares/Third_Party/FreeRTOS/Source/portable/MemMang/heap_4.o

.debug_frame    0x0000000000000000     0x2520
 .debug_frame   0x0000000000000000       0x6c build/src/filesystem.o
 .debug_frame   0x000000000000006c      0x1e0 build/src/fio.o
 .debug_frame   0x000000000000024c       0xa8 build/src/main.o
 .debug_frame   0x00000000000002f4       0xbc build/src/stm32f4xx_it.o
 .debug_frame   0x00000000000003b0       0x44 build/src/system_stm32f4xx.o
 .debug_frame   0x00000000000003f4      0x1c8 build/src/uart.o
 .debug_frame   0x00000000000005bc      0x250 build/Drivers/STM32F4xx_HAL_Driver/Src/stm32f4xx_hal.o
 .debug_frame   0x000000000000080c      0x35c build/Drivers/STM32F4xx_HAL_Driver/Src/stm32f4xx_hal_cortex.o
 .debug_frame   0x0000000000000b68       0xf4 build/Drivers/STM32F4xx_HAL_Driver/Src/stm32f4xx_hal_gpio.o
 .debug_frame   0x0000000000000c5c       0x70 build/Drivers/STM32F4xx_HAL_Driver/Src/stm32f4xx_hal_msp_template.o
 .debug_frame   0x0000000000000ccc       0xe0 build/Drivers/STM32F4xx_HAL_Driver/Src/stm32f4xx_hal_pwr_ex.o
 .debug_frame   0x0000000000000dac      0x1a8 build/Drivers/STM32F4xx_HAL_Driver/Src/stm32f4xx_hal_rcc.o
 .debug_frame   0x0000000000000f54      0x48c build/Drivers/STM32F4xx_HAL_Driver/Src/stm32f4xx_hal_uart.o
 .debug_frame   0x00000000000013e0       0x9c build/Middlewares/Third_Party/FreeRTOS/Source/list.o
 .debug_frame   0x000000000000147c      0x37c build/Middlewares/Third_Party/FreeRTOS/Source/queue.o
 .debug_frame   0x00000000000017f8      0x524 build/Middlewares/Third_Party/FreeRTOS/Source/tasks.o
 .debug_frame   0x0000000000001d1c      0x184 build/Middlewares/Third_Party/FreeRTOS/Source/portable/GCC/ARM_CM4F/port.o
 .debug_frame   0x0000000000001ea0      0x470 build/Drivers/BSP/STM32F429I-Discovery/stm32f429i_discovery.o
 .debug_frame   0x0000000000002310       0xbc build/Middlewares/Third_Party/FreeRTOS/Source/portable/MemMang/heap_4.o
 .debug_frame   0x00000000000023cc       0x34 /usr/local/Cellar/gcc-arm-none-eabi/20140408/bin/../lib/gcc/arm-none-eabi/4.7.4/../../../../arm-none-eabi/lib/armv7e-m/softfp/libg.a(lib_a-__atexit.o)
 .debug_frame   0x0000000000002400       0x2c /usr/local/Cellar/gcc-arm-none-eabi/20140408/bin/../lib/gcc/arm-none-eabi/4.7.4/../../../../arm-none-eabi/lib/armv7e-m/softfp/libg.a(lib_a-fini.o)
 .debug_frame   0x000000000000242c       0x30 /usr/local/Cellar/gcc-arm-none-eabi/20140408/bin/../lib/gcc/arm-none-eabi/4.7.4/../../../../arm-none-eabi/lib/armv7e-m/softfp/libg.a(lib_a-init.o)
 .debug_frame   0x000000000000245c       0x30 /usr/local/Cellar/gcc-arm-none-eabi/20140408/bin/../lib/gcc/arm-none-eabi/4.7.4/../../../../arm-none-eabi/lib/armv7e-m/softfp/libg.a(lib_a-memcpy.o)
 .debug_frame   0x000000000000248c       0x2c /usr/local/Cellar/gcc-arm-none-eabi/20140408/bin/../lib/gcc/arm-none-eabi/4.7.4/../../../../arm-none-eabi/lib/armv7e-m/softfp/libg.a(lib_a-memset.o)
 .debug_frame   0x00000000000024b8       0x48 /usr/local/Cellar/gcc-arm-none-eabi/20140408/bin/../lib/gcc/arm-none-eabi/4.7.4/../../../../arm-none-eabi/lib/armv7e-m/softfp/libg.a(lib_a-__call_atexit.o)
 .debug_frame   0x0000000000002500       0x20 /usr/local/Cellar/gcc-arm-none-eabi/20140408/bin/../lib/gcc/arm-none-eabi/4.7.4/../../../../arm-none-eabi/lib/armv7e-m/softfp/libg.a(lib_a-atexit.o)
